[2m11:20:16 am[22m [31m[1m[vite][22m[39m [31mInternal server error: Transform failed with 1 error:

[31m[PARSE_ERROR] [0mExpected `,` or `}` but found `:`
 - `,` or `}` expected in src/App.tsx at 38930..38931
 - Opened here in src/App.tsx at 38881..38882
[39m
  Plugin: [35mvite:oxc[39m
  File: [36mC:/Users/RISHIT YADAV/Downloads/SELTREN/src/App.tsx[39m
      at transformWithOxc (file:///C:/Users/RISHIT%20YADAV/Downloads/SELTREN/node_modules/vite/dist/node/chunks/node.js:7208:19)
      at TransformPluginContext.transform (file:///C:/Users/RISHIT%20YADAV/Downloads/SELTREN/node_modules/vite/dist/node/chunks/node.js:7280:26)
      at EnvironmentPluginContainer.transform (file:///C:/Users/RISHIT%20YADAV/Downloads/SELTREN/node_modules/vite/dist/node/chunks/node.js:8172:51)
      at async loadAndTransform (file:///C:/Users/RISHIT%20YADAV/Downloads/SELTREN/node_modules/vite/dist/node/chunks/node.js:19634:26)
[2m11:20:16 am[22m [31m[1m[vite][22m[39m [31mInternal server error: Transform failed with 1 error:

[31m[PARSE_ERROR] [0mExpected `,` or `}` but found `:`
 - `,` or `}` expected in src/App.tsx at 38930..38931
 - Opened here in src/App.tsx at 38881..38882
[39m
  Plugin: [35mvite:oxc[39m
  File: [36mC:/Users/RISHIT YADAV/Downloads/SELTREN/src/App.tsx[39m
      at transformWithOxc (file:///C:/Users/RISHIT%20YADAV/Downloads/SELTREN/node_modules/vite/dist/node/chunks/node.js:7208:19)
      at TransformPluginContext.transform (file:///C:/Users/RISHIT%20YADAV/Downloads/SELTREN/node_modules/vite/dist/node/chunks/node.js:7280:26)
      at EnvironmentPluginContainer.transform (file:///C:/Users/RISHIT%20YADAV/Downloads/SELTREN/node_modules/vite/dist/node/chunks/node.js:8172:51)
      at async loadAndTransform (file:///C:/Users/RISHIT%20YADAV/Downloads/SELTREN/node_modules/vite/dist/node/chunks/node.js:19634:26)
[2m11:20:26 am[22m [31m[1m[vite][22m[39m [31mInternal server error: Transform failed with 1 error:

[31m[PARSE_ERROR] [0mExpected `,` or `}` but found `)`
 - `,` or `}` expected in src/App.tsx at 38930..38931
 - Opened here in src/App.tsx at 38881..38882
[39m
  Plugin: [35mvite:oxc[39m
  File: [36mC:/Users/RISHIT YADAV/Downloads/SELTREN/src/App.tsx[39m
      at transformWithOxc (file:///C:/Users/RISHIT%20YADAV/Downloads/SELTREN/node_modules/vite/dist/node/chunks/node.js:7208:19)
      at TransformPluginContext.transform (file:///C:/Users/RISHIT%20YADAV/Downloads/SELTREN/node_modules/vite/dist/node/chunks/node.js:7280:26)
      at EnvironmentPluginContainer.transform (file:///C:/Users/RISHIT%20YADAV/Downloads/SELTREN/node_modules/vite/dist/node/chunks/node.js:8172:51)
      at async loadAndTransform (file:///C:/Users/RISHIT%20YADAV/Downloads/SELTREN/node_modules/vite/dist/node/chunks/node.js:19634:26)
[2m11:20:26 am[22m [31m[1m[vite][22m[39m [31mInternal server error: Transform failed with 1 error:

[31m[PARSE_ERROR] [0mExpected `,` or `}` but found `)`
 - `,` or `}` expected in src/App.tsx at 38930..38931
 - Opened here in src/App.tsx at 38881..38882
[39m
  Plugin: [35mvite:oxc[39m
  File: [36mC:/Users/RISHIT YADAV/Downloads/SELTREN/src/App.tsx[39m
      at transformWithOxc (file:///C:/Users/RISHIT%20YADAV/Downloads/SELTREN/node_modules/vite/dist/node/chunks/node.js:7208:19)
      at TransformPluginContext.transform (file:///C:/Users/RISHIT%20YADAV/Downloads/SELTREN/node_modules/vite/dist/node/chunks/node.js:7280:26)
      at EnvironmentPluginContainer.transform (file:///C:/Users/RISHIT%20YADAV/Downloads/SELTREN/node_modules/vite/dist/node/chunks/node.js:8172:51)
      at async loadAndTransform (file:///C:/Users/RISHIT%20YADAV/Downloads/SELTREN/node_modules/vite/dist/node/chunks/node.js:19634:26)
[2m11:20:45 am[22m [31m[1m[vite][22m[39m [31m[2m(client)[22m[39m Pre-transform error: Transform failed with 1 error:

[31m[PARSE_ERROR] [0mExpected `,` or `}` but found `)`
 - `,` or `}` expected in src/App.tsx at 38930..38931
 - Opened here in src/App.tsx at 38881..38882

  Plugin: [35mvite:oxc[39m
  File: [36mC:/Users/RISHIT YADAV/Downloads/SELTREN/src/App.tsx[39m
[2m11:20:45 am[22m [31m[1m[vite][22m[39m [31mInternal server error: Transform failed with 1 error:

[31m[PARSE_ERROR] [0mExpected `,` or `}` but found `)`
 - `,` or `}` expected in src/App.tsx at 38930..38931
 - Opened here in src/App.tsx at 38881..38882
[39m
  Plugin: [35mvite:oxc[39m
  File: [36mC:/Users/RISHIT YADAV/Downloads/SELTREN/src/App.tsx[39m
      at transformWithOxc (file:///C:/Users/RISHIT%20YADAV/Downloads/SELTREN/node_modules/vite/dist/node/chunks/node.js:7208:19)
      at TransformPluginContext.transform (file:///C:/Users/RISHIT%20YADAV/Downloads/SELTREN/node_modules/vite/dist/node/chunks/node.js:7280:26)
      at EnvironmentPluginContainer.transform (file:///C:/Users/RISHIT%20YADAV/Downloads/SELTREN/node_modules/vite/dist/node/chunks/node.js:8172:51)
      at async loadAndTransform (file:///C:/Users/RISHIT%20YADAV/Downloads/SELTREN/node_modules/vite/dist/node/chunks/node.js:19634:26)
      at async viteTransformMiddleware (file:///C:/Users/RISHIT%20YADAV/Downloads/SELTREN/node_modules/vite/dist/node/chunks/node.js:19853:20)
[2m11:20:45 am[22m [31m[1m[vite][22m[39m [31mInternal server error: Transform failed with 1 error:

[31m[PARSE_ERROR] [0mExpected `,` or `}` but found `)`
 - `,` or `}` expected in src/App.tsx at 38930..38931
 - Opened here in src/App.tsx at 38881..38882
[39m
  Plugin: [35mvite:oxc[39m
  File: [36mC:/Users/RISHIT YADAV/Downloads/SELTREN/src/App.tsx[39m
      at transformWithOxc (file:///C:/Users/RISHIT%20YADAV/Downloads/SELTREN/node_modules/vite/dist/node/chunks/node.js:7208:19)
      at TransformPluginContext.transform (file:///C:/Users/RISHIT%20YADAV/Downloads/SELTREN/node_modules/vite/dist/node/chunks/node.js:7280:26)
      at EnvironmentPluginContainer.transform (file:///C:/Users/RISHIT%20YADAV/Downloads/SELTREN/node_modules/vite/dist/node/chunks/node.js:8172:51)
      at async loadAndTransform (file:///C:/Users/RISHIT%20YADAV/Downloads/SELTREN/node_modules/vite/dist/node/chunks/node.js:19634:26)
      at async viteTransformMiddleware (file:///C:/Users/RISHIT%20YADAV/Downloads/SELTREN/node_modules/vite/dist/node/chunks/node.js:19853:20)
[2m11:21:03 am[22m [31m[1m[vite][22m[39m [31m[2m(client)[22m[39m Pre-transform error: Transform failed with 1 error:

[31m[PARSE_ERROR] [0mExpected `,` or `}` but found `)`
 - `,` or `}` expected in src/App.tsx at 39411..39412
 - Opened here in src/App.tsx at 39362..39363

  Plugin: [35mvite:oxc[39m
  File: [36mC:/Users/RISHIT YADAV/Downloads/SELTREN/src/App.tsx[39m
[2m11:21:03 am[22m [31m[1m[vite][22m[39m [31mInternal server error: Transform failed with 1 error:

[31m[PARSE_ERROR] [0mExpected `,` or `}` but found `)`
 - `,` or `}` expected in src/App.tsx at 39411..39412
 - Opened here in src/App.tsx at 39362..39363
[39m
  Plugin: [35mvite:oxc[39m
  File: [36mC:/Users/RISHIT YADAV/Downloads/SELTREN/src/App.tsx[39m
      at transformWithOxc (file:///C:/Users/RISHIT%20YADAV/Downloads/SELTREN/node_modules/vite/dist/node/chunks/node.js:7208:19)
      at TransformPluginContext.transform (file:///C:/Users/RISHIT%20YADAV/Downloads/SELTREN/node_modules/vite/dist/node/chunks/node.js:7280:26)
      at EnvironmentPluginContainer.transform (file:///C:/Users/RISHIT%20YADAV/Downloads/SELTREN/node_modules/vite/dist/node/chunks/node.js:8172:51)
      at async loadAndTransform (file:///C:/Users/RISHIT%20YADAV/Downloads/SELTREN/node_modules/vite/dist/node/chunks/node.js:19634:26)
      at async viteTransformMiddleware (file:///C:/Users/RISHIT%20YADAV/Downloads/SELTREN/node_modules/vite/dist/node/chunks/node.js:19853:20)
[2m11:21:03 am[22m [31m[1m[vite][22m[39m [31mInternal server error: Transform failed with 1 error:

[31m[PARSE_ERROR] [0mExpected `,` or `}` but found `)`
 - `,` or `}` expected in src/App.tsx at 39411..39412
 - Opened here in src/App.tsx at 39362..39363
[39m
  Plugin: [35mvite:oxc[39m
  File: [36mC:/Users/RISHIT YADAV/Downloads/SELTREN/src/App.tsx[39m
      at transformWithOxc (file:///C:/Users/RISHIT%20YADAV/Downloads/SELTREN/node_modules/vite/dist/node/chunks/node.js:7208:19)
      at TransformPluginContext.transform (file:///C:/Users/RISHIT%20YADAV/Downloads/SELTREN/node_modules/vite/dist/node/chunks/node.js:7280:26)
      at EnvironmentPluginContainer.transform (file:///C:/Users/RISHIT%20YADAV/Downloads/SELTREN/node_modules/vite/dist/node/chunks/node.js:8172:51)
      at async loadAndTransform (file:///C:/Users/RISHIT%20YADAV/Downloads/SELTREN/node_modules/vite/dist/node/chunks/node.js:19634:26)
      at async viteTransformMiddleware (file:///C:/Users/RISHIT%20YADAV/Downloads/SELTREN/node_modules/vite/dist/node/chunks/node.js:19853:20)
[2m11:21:24 am[22m [31m[1m[vite][22m[39m [31m[2m(client)[22m[39m Pre-transform error: Transform failed with 1 error:

[31m[PARSE_ERROR] [0mExpected `}` but found `>`
 - `}` expected in src/App.tsx at 39433..39434

  Plugin: [35mvite:oxc[39m
  File: [36mC:/Users/RISHIT YADAV/Downloads/SELTREN/src/App.tsx[39m
[2m11:21:24 am[22m [31m[1m[vite][22m[39m [31mInternal server error: Transform failed with 1 error:

[31m[PARSE_ERROR] [0mExpected `}` but found `>`
 - `}` expected in src/App.tsx at 39433..39434
[39m
  Plugin: [35mvite:oxc[39m
  File: [36mC:/Users/RISHIT YADAV/Downloads/SELTREN/src/App.tsx[39m
      at transformWithOxc (file:///C:/Users/RISHIT%20YADAV/Downloads/SELTREN/node_modules/vite/dist/node/chunks/node.js:7208:19)
      at TransformPluginContext.transform (file:///C:/Users/RISHIT%20YADAV/Downloads/SELTREN/node_modules/vite/dist/node/chunks/node.js:7280:26)
      at EnvironmentPluginContainer.transform (file:///C:/Users/RISHIT%20YADAV/Downloads/SELTREN/node_modules/vite/dist/node/chunks/node.js:8172:51)
      at async loadAndTransform (file:///C:/Users/RISHIT%20YADAV/Downloads/SELTREN/node_modules/vite/dist/node/chunks/node.js:19634:26)
      at async viteTransformMiddleware (file:///C:/Users/RISHIT%20YADAV/Downloads/SELTREN/node_modules/vite/dist/node/chunks/node.js:19853:20)
[2m11:53:09 am[22m [31m[1m[vite][22m[39m [31mInternal server error: Transform failed with 11 errors:

[31m[PARSE_ERROR] [0mUnexpected flag c in regular expression literal
 -  in src/App.tsx at 3806..3807
 [38;5;240m │[0m 
 [38;5;240m │[0m [38;5;115mHelp[0m: The allowed flags are `gimsuydv`

[31m[PARSE_ERROR] [0mUnexpected flag o in regular expression literal
 -  in src/App.tsx at 3807..3808
 [38;5;240m │[0m 
 [38;5;240m │[0m [38;5;115mHelp[0m: The allowed flags are `gimsuydv`

[31m[PARSE_ERROR] [0mUnexpected flag l in regular expression literal
 -  in src/App.tsx at 3808..3809
 [38;5;240m │[0m 
 [38;5;240m │[0m [38;5;115mHelp[0m: The allowed flags are `gimsuydv`

[31m[PARSE_ERROR] [0mUnexpected flag l in regular expression literal
 -  in src/App.tsx at 3809..3810
 [38;5;240m │[0m 
 [38;5;240m │[0m [38;5;115mHelp[0m: The allowed flags are `gimsuydv`

[31m[PARSE_ERROR] [0mUnexpected flag a in regular expression literal
 -  in src/App.tsx at 3810..3811
 [38;5;240m │[0m 
 [38;5;240m │[0m [38;5;115mHelp[0m: The allowed flags are `gimsuydv`

...[39m
  Plugin: [35mvite:oxc[39m
  File: [36mC:/Users/RISHIT YADAV/Downloads/SELTREN/src/App.tsx[39m
      at transformWithOxc (file:///C:/Users/RISHIT%20YADAV/Downloads/SELTREN/node_modules/vite/dist/node/chunks/node.js:7208:19)
      at TransformPluginContext.transform (file:///C:/Users/RISHIT%20YADAV/Downloads/SELTREN/node_modules/vite/dist/node/chunks/node.js:7280:26)
      at EnvironmentPluginContainer.transform (file:///C:/Users/RISHIT%20YADAV/Downloads/SELTREN/node_modules/vite/dist/node/chunks/node.js:8172:51)
      at async loadAndTransform (file:///C:/Users/RISHIT%20YADAV/Downloads/SELTREN/node_modules/vite/dist/node/chunks/node.js:19634:26)
[2m11:53:09 am[22m [31m[1m[vite][22m[39m [31mInternal server error: Transform failed with 11 errors:

[31m[PARSE_ERROR] [0mUnexpected flag c in regular expression literal
 -  in src/App.tsx at 3806..3807
 [38;5;240m │[0m 
 [38;5;240m │[0m [38;5;115mHelp[0m: The allowed flags are `gimsuydv`

[31m[PARSE_ERROR] [0mUnexpected flag o in regular expression literal
 -  in src/App.tsx at 3807..3808
 [38;5;240m │[0m 
 [38;5;240m │[0m [38;5;115mHelp[0m: The allowed flags are `gimsuydv`

[31m[PARSE_ERROR] [0mUnexpected flag l in regular expression literal
 -  in src/App.tsx at 3808..3809
 [38;5;240m │[0m 
 [38;5;240m │[0m [38;5;115mHelp[0m: The allowed flags are `gimsuydv`

[31m[PARSE_ERROR] [0mUnexpected flag l in regular expression literal
 -  in src/App.tsx at 3809..3810
 [38;5;240m │[0m 
 [38;5;240m │[0m [38;5;115mHelp[0m: The allowed flags are `gimsuydv`

[31m[PARSE_ERROR] [0mUnexpected flag a in regular expression literal
 -  in src/App.tsx at 3810..3811
 [38;5;240m │[0m 
 [38;5;240m │[0m [38;5;115mHelp[0m: The allowed flags are `gimsuydv`

...[39m
  Plugin: [35mvite:oxc[39m
  File: [36mC:/Users/RISHIT YADAV/Downloads/SELTREN/src/App.tsx[39m
      at transformWithOxc (file:///C:/Users/RISHIT%20YADAV/Downloads/SELTREN/node_modules/vite/dist/node/chunks/node.js:7208:19)
      at TransformPluginContext.transform (file:///C:/Users/RISHIT%20YADAV/Downloads/SELTREN/node_modules/vite/dist/node/chunks/node.js:7280:26)
      at EnvironmentPluginContainer.transform (file:///C:/Users/RISHIT%20YADAV/Downloads/SELTREN/node_modules/vite/dist/node/chunks/node.js:8172:51)
      at async loadAndTransform (file:///C:/Users/RISHIT%20YADAV/Downloads/SELTREN/node_modules/vite/dist/node/chunks/node.js:19634:26)
[2m11:53:34 am[22m [31m[1m[vite][22m[39m [31m[2m(client)[22m[39m Pre-transform error: Transform failed with 11 errors:

[31m[PARSE_ERROR] [0mUnexpected flag c in regular expression literal
 -  in src/App.tsx at 3806..3807
 [38;5;240m │[0m 
 [38;5;240m │[0m [38;5;115mHelp[0m: The allowed flags are `gimsuydv`

[31m[PARSE_ERROR] [0mUnexpected flag o in regular expression literal
 -  in src/App.tsx at 3807..3808
 [38;5;240m │[0m 
 [38;5;240m │[0m [38;5;115mHelp[0m: The allowed flags are `gimsuydv`

[31m[PARSE_ERROR] [0mUnexpected flag l in regular expression literal
 -  in src/App.tsx at 3808..3809
 [38;5;240m │[0m 
 [38;5;240m │[0m [38;5;115mHelp[0m: The allowed flags are `gimsuydv`

[31m[PARSE_ERROR] [0mUnexpected flag l in regular expression literal
 -  in src/App.tsx at 3809..3810
 [38;5;240m │[0m 
 [38;5;240m │[0m [38;5;115mHelp[0m: The allowed flags are `gimsuydv`

[31m[PARSE_ERROR] [0mUnexpected flag a in regular expression literal
 -  in src/App.tsx at 3810..3811
 [38;5;240m │[0m 
 [38;5;240m │[0m [38;5;115mHelp[0m: The allowed flags are `gimsuydv`

...
  Plugin: [35mvite:oxc[39m
  File: [36mC:/Users/RISHIT YADAV/Downloads/SELTREN/src/App.tsx[39m
[2m11:53:35 am[22m [31m[1m[vite][22m[39m [31mInternal server error: Transform failed with 11 errors:

[31m[PARSE_ERROR] [0mUnexpected flag c in regular expression literal
 -  in src/App.tsx at 3806..3807
 [38;5;240m │[0m 
 [38;5;240m │[0m [38;5;115mHelp[0m: The allowed flags are `gimsuydv`

[31m[PARSE_ERROR] [0mUnexpected flag o in regular expression literal
 -  in src/App.tsx at 3807..3808
 [38;5;240m │[0m 
 [38;5;240m │[0m [38;5;115mHelp[0m: The allowed flags are `gimsuydv`

[31m[PARSE_ERROR] [0mUnexpected flag l in regular expression literal
 -  in src/App.tsx at 3808..3809
 [38;5;240m │[0m 
 [38;5;240m │[0m [38;5;115mHelp[0m: The allowed flags are `gimsuydv`

[31m[PARSE_ERROR] [0mUnexpected flag l in regular expression literal
 -  in src/App.tsx at 3809..3810
 [38;5;240m │[0m 
 [38;5;240m │[0m [38;5;115mHelp[0m: The allowed flags are `gimsuydv`

[31m[PARSE_ERROR] [0mUnexpected flag a in regular expression literal
 -  in src/App.tsx at 3810..3811
 [38;5;240m │[0m 
 [38;5;240m │[0m [38;5;115mHelp[0m: The allowed flags are `gimsuydv`

...[39m
  Plugin: [35mvite:oxc[39m
  File: [36mC:/Users/RISHIT YADAV/Downloads/SELTREN/src/App.tsx[39m
      at transformWithOxc (file:///C:/Users/RISHIT%20YADAV/Downloads/SELTREN/node_modules/vite/dist/node/chunks/node.js:7208:19)
      at TransformPluginContext.transform (file:///C:/Users/RISHIT%20YADAV/Downloads/SELTREN/node_modules/vite/dist/node/chunks/node.js:7280:26)
      at EnvironmentPluginContainer.transform (file:///C:/Users/RISHIT%20YADAV/Downloads/SELTREN/node_modules/vite/dist/node/chunks/node.js:8172:51)
      at async loadAndTransform (file:///C:/Users/RISHIT%20YADAV/Downloads/SELTREN/node_modules/vite/dist/node/chunks/node.js:19634:26)
      at async viteTransformMiddleware (file:///C:/Users/RISHIT%20YADAV/Downloads/SELTREN/node_modules/vite/dist/node/chunks/node.js:19853:20)
[2m1:22:57 pm[22m [31m[1m[vite][22m[39m [31mInternal server error: Transform failed with 1 error:

[31m[PARSE_ERROR] [0mExpected `}` but found `{`
 - `}` expected in src/App.tsx at 32417..32418
[39m
  Plugin: [35mvite:oxc[39m
  File: [36mC:/Users/RISHIT YADAV/Downloads/SELTREN/src/App.tsx[39m
      at transformWithOxc (file:///C:/Users/RISHIT%20YADAV/Downloads/SELTREN/node_modules/vite/dist/node/chunks/node.js:7208:19)
      at TransformPluginContext.transform (file:///C:/Users/RISHIT%20YADAV/Downloads/SELTREN/node_modules/vite/dist/node/chunks/node.js:7280:26)
      at EnvironmentPluginContainer.transform (file:///C:/Users/RISHIT%20YADAV/Downloads/SELTREN/node_modules/vite/dist/node/chunks/node.js:8172:51)
      at async loadAndTransform (file:///C:/Users/RISHIT%20YADAV/Downloads/SELTREN/node_modules/vite/dist/node/chunks/node.js:19634:26)
      at async viteTransformMiddleware (file:///C:/Users/RISHIT%20YADAV/Downloads/SELTREN/node_modules/vite/dist/node/chunks/node.js:19853:20)
[2m1:23:53 pm[22m [31m[1m[vite][22m[39m [31mInternal server error: Transform failed with 1 error:

[31m[PARSE_ERROR] [0mExpected `}` but found `{`
 - `}` expected in src/App.tsx at 32417..32418
[39m
  Plugin: [35mvite:oxc[39m
  File: [36mC:/Users/RISHIT YADAV/Downloads/SELTREN/src/App.tsx[39m
      at transformWithOxc (file:///C:/Users/RISHIT%20YADAV/Downloads/SELTREN/node_modules/vite/dist/node/chunks/node.js:7208:19)
      at TransformPluginContext.transform (file:///C:/Users/RISHIT%20YADAV/Downloads/SELTREN/node_modules/vite/dist/node/chunks/node.js:7280:26)
      at EnvironmentPluginContainer.transform (file:///C:/Users/RISHIT%20YADAV/Downloads/SELTREN/node_modules/vite/dist/node/chunks/node.js:8172:51)
      at async loadAndTransform (file:///C:/Users/RISHIT%20YADAV/Downloads/SELTREN/node_modules/vite/dist/node/chunks/node.js:19634:26)
      at async viteTransformMiddleware (file:///C:/Users/RISHIT%20YADAV/Downloads/SELTREN/node_modules/vite/dist/node/chunks/node.js:19853:20)
[2m1:24:16 pm[22m [31m[1m[vite][22m[39m [31mInternal server error: Transform failed with 1 error:

[31m[PARSE_ERROR] [0mExpected `}` but found `{`
 - `}` expected in src/App.tsx at 32417..32418
[39m
  Plugin: [35mvite:oxc[39m
  File: [36mC:/Users/RISHIT YADAV/Downloads/SELTREN/src/App.tsx[39m
      at transformWithOxc (file:///C:/Users/RISHIT%20YADAV/Downloads/SELTREN/node_modules/vite/dist/node/chunks/node.js:7208:19)
      at TransformPluginContext.transform (file:///C:/Users/RISHIT%20YADAV/Downloads/SELTREN/node_modules/vite/dist/node/chunks/node.js:7280:26)
      at EnvironmentPluginContainer.transform (file:///C:/Users/RISHIT%20YADAV/Downloads/SELTREN/node_modules/vite/dist/node/chunks/node.js:8172:51)
      at async loadAndTransform (file:///C:/Users/RISHIT%20YADAV/Downloads/SELTREN/node_modules/vite/dist/node/chunks/node.js:19634:26)
      at async viteTransformMiddleware (file:///C:/Users/RISHIT%20YADAV/Downloads/SELTREN/node_modules/vite/dist/node/chunks/node.js:19853:20)
[2m1:24:32 pm[22m [31m[1m[vite][22m[39m [31mInternal server error: Transform failed with 1 error:

[31m[PARSE_ERROR] [0mExpected `}` but found `{`
 - `}` expected in src/App.tsx at 32417..32418
[39m
  Plugin: [35mvite:oxc[39m
  File: [36mC:/Users/RISHIT YADAV/Downloads/SELTREN/src/App.tsx[39m
      at transformWithOxc (file:///C:/Users/RISHIT%20YADAV/Downloads/SELTREN/node_modules/vite/dist/node/chunks/node.js:7208:19)
      at TransformPluginContext.transform (file:///C:/Users/RISHIT%20YADAV/Downloads/SELTREN/node_modules/vite/dist/node/chunks/node.js:7280:26)
      at EnvironmentPluginContainer.transform (file:///C:/Users/RISHIT%20YADAV/Downloads/SELTREN/node_modules/vite/dist/node/chunks/node.js:8172:51)
      at async loadAndTransform (file:///C:/Users/RISHIT%20YADAV/Downloads/SELTREN/node_modules/vite/dist/node/chunks/node.js:19634:26)
      at async viteTransformMiddleware (file:///C:/Users/RISHIT%20YADAV/Downloads/SELTREN/node_modules/vite/dist/node/chunks/node.js:19853:20)
